// Jest Snapshot v1, https://goo.gl/fbAQLP

exports[`SecondScreen matches expected snapshot 1`] = `[Function]`;
