// Jest Snapshot v1, https://goo.gl/fbAQLP

exports[`Home Component. matches expected snapshot 1`] = `[Function]`;
