// Jest Snapshot v1, https://goo.gl/fbAQLP

exports[`ThirdScreen component matches expected snapshot 1`] = `[Function]`;
